// Jest Snapshot v1, https://goo.gl/fbAQLP

exports[`shows SearchBarIcon 1`] = `null`;
